06th May 2019 

Error #1

GTMetrix API Was not working because it requires "https" 

GTMetrix is a website to test the other website.

To access the result page requires username and password

username = email ID
password = API Key

function gtm($url,$username,$password){
    $ch = curl_init();
    curl_setopt($ch, CURLOPT_URL, $url);
    curl_setopt($ch, CURLOPT_RETURNTRANSFER, true);
    curl_setopt($ch, CURLOPT_USERPWD, "$username:$password");
    curl_setopt($ch, CURLOPT_HTTPAUTH, CURLAUTH_BASIC);
    $output = curl_exec($ch);
    $info = curl_getinfo($ch);
    curl_close($ch);
    $test = json_decode($output);
    return $test;
}

$test = gtm($url,$username,$password);

/////////////////////////////////////////////////////////////////////////////////////////////////////////////
////////////////////////////////////////////////////////////////////////////////////////////////////////////

07th May 2019

Error #2

Input not supported - Monitor - Ubuntu 18.04

system had graphic card 

i5 9400f processor - no integrated graphic card
1 GB external graphic

solution:

sudo apt-get install nvidia-347


///////////////////////////////////////////////////////////////////////////////////////////////////////////
///////////////////////////////////////////////////////////////////////////////////////////////////////////

08th May 2019

Error #3

SmartMenus - Plugin for multi level menu. 

has a bootstrap addon.

was not able to scroll on mobile menu with fixed header in bootstrap 4.2

solution:

@media only screen and (max-width: 700px){

  .navbar-collapse {
  max-height: 280px;
  overflow-y: auto;
}
}

///////////////////////////////////////////////////////////////////////////////////////////////////////////
///////////////////////////////////////////////////////////////////////////////////////////////////////////

09th May 2019

Error #4

Woocommerce - variable products showing "out of stock" in category page even it had stocks.

solution:

https://github.com/woocommerce/woocommerce/pull/23665/files

